[debug] [2025-09-21T20:48:09.988Z] ----------------------------------------------------------------------
[debug] [2025-09-21T20:48:09.990Z] Command:       /opt/homebrew/Cellar/node/22.9.0/bin/node /opt/homebrew/bin/firebase init
[debug] [2025-09-21T20:48:09.990Z] CLI Version:   14.17.0
[debug] [2025-09-21T20:48:09.990Z] Platform:      darwin
[debug] [2025-09-21T20:48:09.990Z] Node Version:  v22.9.0
[debug] [2025-09-21T20:48:09.991Z] Time:          Sun Sep 21 2025 22:48:09 GMT+0200 (South Africa Standard Time)
[debug] [2025-09-21T20:48:09.991Z] ----------------------------------------------------------------------
[debug] 
[debug] [2025-09-21T20:48:09.995Z] > command requires scopes: ["email","openid","https://www.googleapis.com/auth/cloudplatformprojects.readonly","https://www.googleapis.com/auth/firebase","https://www.googleapis.com/auth/cloud-platform"]
[debug] [2025-09-21T20:48:09.995Z] > authorizing via signed-in user (asandanomonde@gmail.com)
[info] 
     ######## #### ########  ######## ########     ###     ######  ########
     ##        ##  ##     ## ##       ##     ##  ##   ##  ##       ##
     ######    ##  ########  ######   ########  #########  ######  ######
     ##        ##  ##    ##  ##       ##     ## ##     ##       ## ##
     ##       #### ##     ## ######## ########  ##     ##  ######  ########

You're about to initialize a Firebase project in this directory:

  /Users/asandamayeza/Documents/bootcamp/personal_finance_tracker

[info] 
=== Project Setup
[info] 
[info] First, let's associate this project directory with a Firebase project.
[info] You can create multiple project aliases by running firebase use --add, 
[info] but for now we'll just set up a default project.
[info] 
[debug] [2025-09-21T20:48:25.282Z] Checked if tokens are valid: false, expires at: 1758400754837
[debug] [2025-09-21T20:48:25.283Z] Checked if tokens are valid: false, expires at: 1758400754837
[debug] [2025-09-21T20:48:25.283Z] > refreshing access token with scopes: []
[debug] [2025-09-21T20:48:25.285Z] >>> [apiv2][query] POST https://www.googleapis.com/oauth2/v3/token [none]
[debug] [2025-09-21T20:48:25.285Z] >>> [apiv2][body] POST https://www.googleapis.com/oauth2/v3/token [omitted]
[debug] [2025-09-21T20:48:41.936Z] <<< [apiv2][status] POST https://www.googleapis.com/oauth2/v3/token 200
[debug] [2025-09-21T20:48:41.936Z] <<< [apiv2][body] POST https://www.googleapis.com/oauth2/v3/token [omitted]
[debug] [2025-09-21T20:48:41.949Z] >>> [apiv2][query] GET https://firebase.googleapis.com/v1beta1/projects pageSize=100
[debug] [2025-09-21T20:49:09.564Z] *** [apiv2] error from fetch(https://firebase.googleapis.com/v1beta1/projects?pageSize=100, {"headers":{},"method":"GET","signal":{}}): FetchError: request to https://firebase.googleapis.com/v1beta1/projects?pageSize=100 failed, reason: socket hang up
[debug] [2025-09-21T20:49:09.566Z] Failed to make request to https://firebase.googleapis.com/v1beta1/projects?pageSize=100
[debug] [2025-09-21T20:49:09.568Z] FirebaseError: Failed to make request to https://firebase.googleapis.com/v1beta1/projects?pageSize=100
    at RetryOperation._fn (/opt/homebrew/lib/node_modules/firebase-tools/lib/apiv2.js:261:31)
    at process.processTicksAndRejections (node:internal/process/task_queues:105:5)
[error] 
[error] Error: Failed to list Firebase projects. See firebase-debug.log for more info.
[debug] [2025-09-21T20:50:54.889Z] ----------------------------------------------------------------------
[debug] [2025-09-21T20:50:54.897Z] Command:       /opt/homebrew/Cellar/node/22.9.0/bin/node /opt/homebrew/bin/firebase init
[debug] [2025-09-21T20:50:54.897Z] CLI Version:   14.17.0
[debug] [2025-09-21T20:50:54.897Z] Platform:      darwin
[debug] [2025-09-21T20:50:54.897Z] Node Version:  v22.9.0
[debug] [2025-09-21T20:50:54.897Z] Time:          Sun Sep 21 2025 22:50:54 GMT+0200 (South Africa Standard Time)
[debug] [2025-09-21T20:50:54.898Z] ----------------------------------------------------------------------
[debug] 
[debug] [2025-09-21T20:50:54.903Z] > command requires scopes: ["email","openid","https://www.googleapis.com/auth/cloudplatformprojects.readonly","https://www.googleapis.com/auth/firebase","https://www.googleapis.com/auth/cloud-platform"]
[debug] [2025-09-21T20:50:54.903Z] > authorizing via signed-in user (asandanomonde@gmail.com)
[info] 
     ######## #### ########  ######## ########     ###     ######  ########
     ##        ##  ##     ## ##       ##     ##  ##   ##  ##       ##
     ######    ##  ########  ######   ########  #########  ######  ######
     ##        ##  ##    ##  ##       ##     ## ##     ##       ## ##
     ##       #### ##     ## ######## ########  ##     ##  ######  ########

You're about to initialize a Firebase project in this directory:

  /Users/asandamayeza/Documents/bootcamp/personal_finance_tracker

[info] 
=== Project Setup
[info] 
[info] First, let's associate this project directory with a Firebase project.
[info] You can create multiple project aliases by running firebase use --add, 
[info] but for now we'll just set up a default project.
[info] 
[debug] [2025-09-21T20:51:06.706Z] Checked if tokens are valid: true, expires at: 1758491320936
[debug] [2025-09-21T20:51:06.706Z] Checked if tokens are valid: true, expires at: 1758491320936
[debug] [2025-09-21T20:51:06.708Z] >>> [apiv2][query] GET https://firebase.googleapis.com/v1beta1/projects pageSize=100
[debug] [2025-09-21T20:51:22.466Z] <<< [apiv2][status] GET https://firebase.googleapis.com/v1beta1/projects 200
[debug] [2025-09-21T20:51:22.466Z] <<< [apiv2][body] GET https://firebase.googleapis.com/v1beta1/projects [omitted]
[info] i  Using project personal-finance-tracker-17ba7 (personal-finance-tracker) 
[info] 
=== Hosting Setup
[debug] [2025-09-21T20:51:35.644Z] Checked if tokens are valid: true, expires at: 1758491320936
[debug] [2025-09-21T20:51:35.644Z] Checked if tokens are valid: true, expires at: 1758491320936
[debug] [2025-09-21T20:51:35.644Z] >>> [apiv2][query] GET https://firebase.googleapis.com/v1beta1/projects/personal-finance-tracker-17ba7 [none]
[debug] [2025-09-21T20:51:54.297Z] *** [apiv2] error from fetch(https://firebase.googleapis.com/v1beta1/projects/personal-finance-tracker-17ba7, {"headers":{},"method":"GET","signal":{}}): FetchError: request to https://firebase.googleapis.com/v1beta1/projects/personal-finance-tracker-17ba7 failed, reason: socket hang up
[debug] [2025-09-21T20:51:54.299Z] Failed to make request to https://firebase.googleapis.com/v1beta1/projects/personal-finance-tracker-17ba7 (original: request to https://firebase.googleapis.com/v1beta1/projects/personal-finance-tracker-17ba7 failed, reason: socket hang up)
[debug] [2025-09-21T20:51:54.304Z] FirebaseError: Failed to make request to https://firebase.googleapis.com/v1beta1/projects/personal-finance-tracker-17ba7
    at RetryOperation._fn (/opt/homebrew/lib/node_modules/firebase-tools/lib/apiv2.js:261:31)
    at process.processTicksAndRejections (node:internal/process/task_queues:105:5)
[error] 
[error] Error: Failed to get Firebase project personal-finance-tracker-17ba7. Please make sure the project exists and your account has permission to access it.
[debug] [2025-09-21T20:52:19.442Z] ----------------------------------------------------------------------
[debug] [2025-09-21T20:52:19.445Z] Command:       /opt/homebrew/Cellar/node/22.9.0/bin/node /opt/homebrew/bin/firebase init
[debug] [2025-09-21T20:52:19.445Z] CLI Version:   14.17.0
[debug] [2025-09-21T20:52:19.445Z] Platform:      darwin
[debug] [2025-09-21T20:52:19.445Z] Node Version:  v22.9.0
[debug] [2025-09-21T20:52:19.445Z] Time:          Sun Sep 21 2025 22:52:19 GMT+0200 (South Africa Standard Time)
[debug] [2025-09-21T20:52:19.446Z] ----------------------------------------------------------------------
[debug] 
[debug] [2025-09-21T20:52:19.450Z] > command requires scopes: ["email","openid","https://www.googleapis.com/auth/cloudplatformprojects.readonly","https://www.googleapis.com/auth/firebase","https://www.googleapis.com/auth/cloud-platform"]
[debug] [2025-09-21T20:52:19.450Z] > authorizing via signed-in user (asandanomonde@gmail.com)
[info] 
     ######## #### ########  ######## ########     ###     ######  ########
     ##        ##  ##     ## ##       ##     ##  ##   ##  ##       ##
     ######    ##  ########  ######   ########  #########  ######  ######
     ##        ##  ##    ##  ##       ##     ## ##     ##       ## ##
     ##       #### ##     ## ######## ########  ##     ##  ######  ########

You're about to initialize a Firebase project in this directory:

  /Users/asandamayeza/Documents/bootcamp/personal_finance_tracker

[info] 
=== Project Setup
[info] 
[info] First, let's associate this project directory with a Firebase project.
[info] You can create multiple project aliases by running firebase use --add, 
[info] but for now we'll just set up a default project.
[info] 
[debug] [2025-09-21T20:52:36.728Z] Using project from CLI flag: personal-finance-tracker-17ba7
[debug] [2025-09-21T20:52:36.728Z] Checked if tokens are valid: true, expires at: 1758491320936
[debug] [2025-09-21T20:52:36.728Z] Checked if tokens are valid: true, expires at: 1758491320936
[debug] [2025-09-21T20:52:36.729Z] >>> [apiv2][query] GET https://firebase.googleapis.com/v1beta1/projects/personal-finance-tracker-17ba7 [none]
[debug] [2025-09-21T20:52:37.411Z] <<< [apiv2][status] GET https://firebase.googleapis.com/v1beta1/projects/personal-finance-tracker-17ba7 200
[debug] [2025-09-21T20:52:37.411Z] <<< [apiv2][body] GET https://firebase.googleapis.com/v1beta1/projects/personal-finance-tracker-17ba7 {"projectId":"personal-finance-tracker-17ba7","projectNumber":"432517004607","displayName":"personal-finance-tracker","name":"projects/personal-finance-tracker-17ba7","resources":{"hostingSite":"personal-finance-tracker-17ba7","realtimeDatabaseInstance":"personal-finance-tracker-17ba7-default-rtdb"},"state":"ACTIVE","etag":"1_c2181d7f-1086-43e8-9939-b23e1cbb07eb"}
[info] i  Using project personal-finance-tracker-17ba7 (personal-finance-tracker) 
[info] 
=== Hosting Setup
[debug] [2025-09-21T20:52:37.420Z] Checked if tokens are valid: true, expires at: 1758491320936
[debug] [2025-09-21T20:52:37.420Z] Checked if tokens are valid: true, expires at: 1758491320936
[debug] [2025-09-21T20:52:37.420Z] >>> [apiv2][query] GET https://firebase.googleapis.com/v1beta1/projects/personal-finance-tracker-17ba7 [none]
[debug] [2025-09-21T20:52:37.916Z] <<< [apiv2][status] GET https://firebase.googleapis.com/v1beta1/projects/personal-finance-tracker-17ba7 200
[debug] [2025-09-21T20:52:37.916Z] <<< [apiv2][body] GET https://firebase.googleapis.com/v1beta1/projects/personal-finance-tracker-17ba7 {"projectId":"personal-finance-tracker-17ba7","projectNumber":"432517004607","displayName":"personal-finance-tracker","name":"projects/personal-finance-tracker-17ba7","resources":{"hostingSite":"personal-finance-tracker-17ba7","realtimeDatabaseInstance":"personal-finance-tracker-17ba7-default-rtdb"},"state":"ACTIVE","etag":"1_c2181d7f-1086-43e8-9939-b23e1cbb07eb"}
[info] 
[info] Your public directory is the folder (relative to your project directory) that
[info] will contain Hosting assets to be uploaded with firebase deploy. If you
[info] have a build process for your assets, use your build's output directory.
[info] 
[debug] [2025-09-21T20:53:52.407Z] >>> [apiv2][query] GET https://www.gstatic.com/firebasejs/releases.json [none]
[debug] [2025-09-21T20:53:52.879Z] <<< [apiv2][status] GET https://www.gstatic.com/firebasejs/releases.json 200
[debug] [2025-09-21T20:53:52.879Z] <<< [apiv2][body] GET https://www.gstatic.com/firebasejs/releases.json {"current":{"version":"12.3.0","browserURL":"https://www.gstatic.com/firebasejs/12.3.0/firebase.js","packageURL":"https://www.gstatic.com/firebasejs/12.3.0/firebase.tgz"},"live":{"version":"12.3","browserURL":"https://www.gstatic.com/firebasejs/live/12.3/firebase.js","packageURL":"https://www.gstatic.com/firebasejs/live/12.3/firebase.tgz"},"components":{"ai":"https://www.gstatic.com/firebasejs/12.3.0/firebase-ai.js","analytics":"https://www.gstatic.com/firebasejs/12.3.0/firebase-analytics.js","app":"https://www.gstatic.com/firebasejs/12.3.0/firebase-app.js","app-check":"https://www.gstatic.com/firebasejs/12.3.0/firebase-app-check.js","auth":"https://www.gstatic.com/firebasejs/12.3.0/firebase-auth.js","auth/cordova":"https://www.gstatic.com/firebasejs/12.3.0/firebase-auth/cordova.js","auth/web-extension":"https://www.gstatic.com/firebasejs/12.3.0/firebase-auth/web-extension.js","functions":"https://www.gstatic.com/firebasejs/12.3.0/firebase-functions.js","firestore":"https://www.gstatic.com/firebasejs/12.3.0/firebase-firestore.js","firestore/lite":"https://www.gstatic.com/firebasejs/12.3.0/firebase-firestore/lite.js","installations":"https://www.gstatic.com/firebasejs/12.3.0/firebase-installations.js","storage":"https://www.gstatic.com/firebasejs/12.3.0/firebase-storage.js","performance":"https://www.gstatic.com/firebasejs/12.3.0/firebase-performance.js","remote-config":"https://www.gstatic.com/firebasejs/12.3.0/firebase-remote-config.js","messaging":"https://www.gstatic.com/firebasejs/12.3.0/firebase-messaging.js","messaging/sw":"https://www.gstatic.com/firebasejs/12.3.0/firebase-messaging/sw.js","database":"https://www.gstatic.com/firebasejs/12.3.0/firebase-database.js","data-connect":"https://www.gstatic.com/firebasejs/12.3.0/firebase-data-connect.js","firestore.memory":"https://www.gstatic.com/firebasejs/12.3.0/firebase-firestore.memory.js"}}
[info] i  Skipping write of public/index.html 
[info] 
[info] i  Detected a .git folder at /Users/asandamayeza 
[info] i  Authorizing with GitHub to upload your service account to a GitHub repository's secrets store. 
[info] 
[info] Visit this URL on this device to log in:
[info] https://github.com/login/oauth/authorize?client_id=89cf50f02ac6aaed3484&state=855892054&redirect_uri=http%3A%2F%2Flocalhost%3A9005&scope=read%3Auser%20repo%20public_repo
[info] 
[info] Waiting for authentication...
[debug] [2025-09-21T20:54:22.979Z] >>> [apiv2][query] POST https://github.com/login/oauth/access_token [none]
[debug] [2025-09-21T20:54:22.979Z] >>> [apiv2][body] POST https://github.com/login/oauth/access_token [stream]
[debug] [2025-09-21T20:54:23.487Z] <<< [apiv2][status] POST https://github.com/login/oauth/access_token 200
[debug] [2025-09-21T20:54:23.487Z] <<< [apiv2][body] POST https://github.com/login/oauth/access_token {"access_token":"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","token_type":"bearer","scope":"read:user,repo"}
[debug] [2025-09-21T20:54:23.489Z] >>> [apiv2][query] GET https://api.github.com/user [none]
[debug] [2025-09-21T20:54:23.998Z] <<< [apiv2][status] GET https://api.github.com/user 200
[debug] [2025-09-21T20:54:23.998Z] <<< [apiv2][body] GET https://api.github.com/user {"login":"asandamayeza","id":170679133,"node_id":"U_kgDOCixbXQ","avatar_url":"https://avatars.githubusercontent.com/u/170679133?v=4","gravatar_id":"","url":"https://api.github.com/users/asandamayeza","html_url":"https://github.com/asandamayeza","followers_url":"https://api.github.com/users/asandamayeza/followers","following_url":"https://api.github.com/users/asandamayeza/following{/other_user}","gists_url":"https://api.github.com/users/asandamayeza/gists{/gist_id}","starred_url":"https://api.github.com/users/asandamayeza/starred{/owner}{/repo}","subscriptions_url":"https://api.github.com/users/asandamayeza/subscriptions","organizations_url":"https://api.github.com/users/asandamayeza/orgs","repos_url":"https://api.github.com/users/asandamayeza/repos","events_url":"https://api.github.com/users/asandamayeza/events{/privacy}","received_events_url":"https://api.github.com/users/asandamayeza/received_events","type":"User","user_view_type":"private","site_admin":false,"name":"Asanda Mayeza","company":null,"blog":"","location":null,"email":null,"hireable":null,"bio":null,"twitter_username":null,"notification_email":null,"public_repos":15,"public_gists":0,"followers":0,"following":0,"created_at":"2024-05-23T21:53:50Z","updated_at":"2025-09-20T19:42:23Z","private_gists":0,"total_private_repos":1,"owned_private_repos":1,"disk_usage":50150,"collaborators":0,"two_factor_authentication":false,"plan":{"name":"free","space":976562499,"collaborators":0,"private_repos":10000}}
[info] 
[info] ✔  Success! Logged into GitHub as asandamayeza 
[info] 
